// Jest Snapshot v1, https://goo.gl/fbAQLP

exports[`renders MainCollection snapshot correctly 1`] = `
<div
  className="MuiGrid-root makeStyles-root-1 MuiGrid-container MuiGrid-justify-xs-center"
>
  <div
    className="MuiGrid-root MuiGrid-item MuiGrid-grid-sm-12"
  >
    <div
      className="MuiGrid-root makeStyles-root-2 MuiGrid-container MuiGrid-align-items-xs-flex-end"
      data-testid="main"
      style={
        Object {
          "backgroundImage": "linear-gradient(rgba(0,0,0, 0.1), rgb(0, 0, 0, .6)), url(undefined)",
        }
      }
    >
      <div
        className="MuiGrid-root makeStyles-content-4 MuiGrid-item"
      >
        <h6
          className="MuiTypography-root MuiTypography-h6"
          data-testid="special"
        />
        <h6
          className="MuiTypography-root MuiTypography-subtitle2"
          data-testid="place"
        >
           Places
          <svg
            aria-hidden={true}
            className="MuiSvgIcon-root makeStyles-arrowIcon-5 MuiSvgIcon-fontSizeSmall"
            focusable="false"
            viewBox="0 0 24 24"
          >
            <path
              d="M10 17l5-5-5-5v10z"
            />
          </svg>
        </h6>
      </div>
    </div>
  </div>
</div>
`;
