// Jest Snapshot v1, https://goo.gl/fbAQLP

exports[`renders MoreCollectionItems snapshot correctly 1`] = `
<div
  className="MuiGrid-root MuiGrid-container MuiGrid-spacing-xs-2"
>
  <div
    className="MuiGrid-root MuiGrid-item MuiGrid-grid-xs-12 MuiGrid-grid-sm-6 MuiGrid-grid-md-3"
  >
    <a
      href="/collections"
      onClick={[Function]}
      style={
        Object {
          "textDecoration": "none",
        }
      }
    >
      <div
        className="MuiGrid-root makeStyles-root-1 makeStyles-small-2 MuiGrid-container MuiGrid-align-items-xs-flex-end"
        data-testid="main"
        style={
          Object {
            "backgroundImage": "linear-gradient(rgba(0,0,0, 0.1), rgb(0, 0, 0, .6)), url(collection1.jpg)",
          }
        }
      >
        <div
          className="MuiGrid-root makeStyles-content-3 MuiGrid-item"
        >
          <h6
            className="MuiTypography-root MuiTypography-h6"
            data-testid="special"
          >
            New Year's Specials
          </h6>
          <h6
            className="MuiTypography-root MuiTypography-subtitle2"
            data-testid="place"
          >
            12
             Places
            <svg
              aria-hidden={true}
              className="MuiSvgIcon-root makeStyles-arrowIcon-4 MuiSvgIcon-fontSizeSmall"
              focusable="false"
              viewBox="0 0 24 24"
            >
              <path
                d="M10 17l5-5-5-5v10z"
              />
            </svg>
          </h6>
        </div>
      </div>
    </a>
  </div>
  <div
    className="MuiGrid-root MuiGrid-item MuiGrid-grid-xs-12 MuiGrid-grid-sm-6 MuiGrid-grid-md-3"
  >
    <a
      href="/collections"
      onClick={[Function]}
      style={
        Object {
          "textDecoration": "none",
        }
      }
    >
      <div
        className="MuiGrid-root makeStyles-root-1 makeStyles-small-2 MuiGrid-container MuiGrid-align-items-xs-flex-end"
        data-testid="main"
        style={
          Object {
            "backgroundImage": "linear-gradient(rgba(0,0,0, 0.1), rgb(0, 0, 0, .6)), url(collection2.jpg)",
          }
        }
      >
        <div
          className="MuiGrid-root makeStyles-content-3 MuiGrid-item"
        >
          <h6
            className="MuiTypography-root MuiTypography-h6"
            data-testid="special"
          >
            Trending This Week
          </h6>
          <h6
            className="MuiTypography-root MuiTypography-subtitle2"
            data-testid="place"
          >
            31
             Places
            <svg
              aria-hidden={true}
              className="MuiSvgIcon-root makeStyles-arrowIcon-4 MuiSvgIcon-fontSizeSmall"
              focusable="false"
              viewBox="0 0 24 24"
            >
              <path
                d="M10 17l5-5-5-5v10z"
              />
            </svg>
          </h6>
        </div>
      </div>
    </a>
  </div>
  <div
    className="MuiGrid-root MuiGrid-item MuiGrid-grid-xs-12 MuiGrid-grid-sm-6 MuiGrid-grid-md-3"
  >
    <a
      href="/collections"
      onClick={[Function]}
      style={
        Object {
          "textDecoration": "none",
        }
      }
    >
      <div
        className="MuiGrid-root makeStyles-root-1 makeStyles-small-2 MuiGrid-container MuiGrid-align-items-xs-flex-end"
        data-testid="main"
        style={
          Object {
            "backgroundImage": "linear-gradient(rgba(0,0,0, 0.1), rgb(0, 0, 0, .6)), url(collection3.jpg)",
          }
        }
      >
        <div
          className="MuiGrid-root makeStyles-content-3 MuiGrid-item"
        >
          <h6
            className="MuiTypography-root MuiTypography-h6"
            data-testid="special"
          >
            Hyderabad's Hottest
          </h6>
          <h6
            className="MuiTypography-root MuiTypography-subtitle2"
            data-testid="place"
          >
            111
             Places
            <svg
              aria-hidden={true}
              className="MuiSvgIcon-root makeStyles-arrowIcon-4 MuiSvgIcon-fontSizeSmall"
              focusable="false"
              viewBox="0 0 24 24"
            >
              <path
                d="M10 17l5-5-5-5v10z"
              />
            </svg>
          </h6>
        </div>
      </div>
    </a>
  </div>
  <div
    className="MuiGrid-root MuiGrid-item MuiGrid-grid-xs-12 MuiGrid-grid-sm-6 MuiGrid-grid-md-3"
  >
    <a
      href="/collections"
      onClick={[Function]}
      style={
        Object {
          "textDecoration": "none",
        }
      }
    >
      <div
        className="MuiGrid-root makeStyles-root-1 makeStyles-small-2 MuiGrid-container MuiGrid-align-items-xs-flex-end"
        data-testid="main"
        style={
          Object {
            "backgroundImage": "linear-gradient(rgba(0,0,0, 0.1), rgb(0, 0, 0, .6)), url(collection4.jpg)",
          }
        }
      >
        <div
          className="MuiGrid-root makeStyles-content-3 MuiGrid-item"
        >
          <h6
            className="MuiTypography-root MuiTypography-h6"
            data-testid="special"
          >
            Work Friendly Places!
          </h6>
          <h6
            className="MuiTypography-root MuiTypography-subtitle2"
            data-testid="place"
          >
            221
             Places
            <svg
              aria-hidden={true}
              className="MuiSvgIcon-root makeStyles-arrowIcon-4 MuiSvgIcon-fontSizeSmall"
              focusable="false"
              viewBox="0 0 24 24"
            >
              <path
                d="M10 17l5-5-5-5v10z"
              />
            </svg>
          </h6>
        </div>
      </div>
    </a>
  </div>
  <div
    className="MuiGrid-root MuiGrid-item MuiGrid-grid-xs-12 MuiGrid-grid-sm-6 MuiGrid-grid-md-3"
  >
    <a
      href="/collections"
      onClick={[Function]}
      style={
        Object {
          "textDecoration": "none",
        }
      }
    >
      <div
        className="MuiGrid-root makeStyles-root-1 makeStyles-small-2 MuiGrid-container MuiGrid-align-items-xs-flex-end"
        data-testid="main"
        style={
          Object {
            "backgroundImage": "linear-gradient(rgba(0,0,0, 0.1), rgb(0, 0, 0, .6)), url(collection5.jpg)",
          }
        }
      >
        <div
          className="MuiGrid-root makeStyles-content-3 MuiGrid-item"
        >
          <h6
            className="MuiTypography-root MuiTypography-h6"
            data-testid="special"
          >
            Live Sports Screenings
          </h6>
          <h6
            className="MuiTypography-root MuiTypography-subtitle2"
            data-testid="place"
          >
            12
             Places
            <svg
              aria-hidden={true}
              className="MuiSvgIcon-root makeStyles-arrowIcon-4 MuiSvgIcon-fontSizeSmall"
              focusable="false"
              viewBox="0 0 24 24"
            >
              <path
                d="M10 17l5-5-5-5v10z"
              />
            </svg>
          </h6>
        </div>
      </div>
    </a>
  </div>
  <div
    className="MuiGrid-root MuiGrid-item MuiGrid-grid-xs-12 MuiGrid-grid-sm-6 MuiGrid-grid-md-3"
  >
    <a
      href="/collections"
      onClick={[Function]}
      style={
        Object {
          "textDecoration": "none",
        }
      }
    >
      <div
        className="MuiGrid-root makeStyles-root-1 makeStyles-small-2 MuiGrid-container MuiGrid-align-items-xs-flex-end"
        data-testid="main"
        style={
          Object {
            "backgroundImage": "linear-gradient(rgba(0,0,0, 0.1), rgb(0, 0, 0, .6)), url(collection2.jpg)",
          }
        }
      >
        <div
          className="MuiGrid-root makeStyles-content-3 MuiGrid-item"
        >
          <h6
            className="MuiTypography-root MuiTypography-h6"
            data-testid="special"
          >
            Newly Opened
          </h6>
          <h6
            className="MuiTypography-root MuiTypography-subtitle2"
            data-testid="place"
          >
            6
             Places
            <svg
              aria-hidden={true}
              className="MuiSvgIcon-root makeStyles-arrowIcon-4 MuiSvgIcon-fontSizeSmall"
              focusable="false"
              viewBox="0 0 24 24"
            >
              <path
                d="M10 17l5-5-5-5v10z"
              />
            </svg>
          </h6>
        </div>
      </div>
    </a>
  </div>
  <div
    className="MuiGrid-root MuiGrid-item MuiGrid-grid-xs-12 MuiGrid-grid-sm-6 MuiGrid-grid-md-3"
  >
    <a
      href="/collections"
      onClick={[Function]}
      style={
        Object {
          "textDecoration": "none",
        }
      }
    >
      <div
        className="MuiGrid-root makeStyles-root-1 makeStyles-small-2 MuiGrid-container MuiGrid-align-items-xs-flex-end"
        data-testid="main"
        style={
          Object {
            "backgroundImage": "linear-gradient(rgba(0,0,0, 0.1), rgb(0, 0, 0, .6)), url(collection4.jpg)",
          }
        }
      >
        <div
          className="MuiGrid-root makeStyles-content-3 MuiGrid-item"
        >
          <h6
            className="MuiTypography-root MuiTypography-h6"
            data-testid="special"
          >
            Great Breakfasts
          </h6>
          <h6
            className="MuiTypography-root MuiTypography-subtitle2"
            data-testid="place"
          >
            12
             Places
            <svg
              aria-hidden={true}
              className="MuiSvgIcon-root makeStyles-arrowIcon-4 MuiSvgIcon-fontSizeSmall"
              focusable="false"
              viewBox="0 0 24 24"
            >
              <path
                d="M10 17l5-5-5-5v10z"
              />
            </svg>
          </h6>
        </div>
      </div>
    </a>
  </div>
  <div
    className="MuiGrid-root MuiGrid-item MuiGrid-grid-xs-12 MuiGrid-grid-sm-6 MuiGrid-grid-md-3"
  >
    <a
      href="/collections"
      onClick={[Function]}
      style={
        Object {
          "textDecoration": "none",
        }
      }
    >
      <div
        className="MuiGrid-root makeStyles-root-1 makeStyles-small-2 MuiGrid-container MuiGrid-align-items-xs-flex-end"
        data-testid="main"
        style={
          Object {
            "backgroundImage": "linear-gradient(rgba(0,0,0, 0.1), rgb(0, 0, 0, .6)), url(collection1.jpg)",
          }
        }
      >
        <div
          className="MuiGrid-root makeStyles-content-3 MuiGrid-item"
        >
          <h6
            className="MuiTypography-root MuiTypography-h6"
            data-testid="special"
          >
            Happy Hours
          </h6>
          <h6
            className="MuiTypography-root MuiTypography-subtitle2"
            data-testid="place"
          >
            8
             Places
            <svg
              aria-hidden={true}
              className="MuiSvgIcon-root makeStyles-arrowIcon-4 MuiSvgIcon-fontSizeSmall"
              focusable="false"
              viewBox="0 0 24 24"
            >
              <path
                d="M10 17l5-5-5-5v10z"
              />
            </svg>
          </h6>
        </div>
      </div>
    </a>
  </div>
  <div
    className="MuiGrid-root MuiGrid-item MuiGrid-grid-xs-12 MuiGrid-grid-sm-6 MuiGrid-grid-md-3"
  >
    <a
      href="/collections"
      onClick={[Function]}
      style={
        Object {
          "textDecoration": "none",
        }
      }
    >
      <div
        className="MuiGrid-root makeStyles-root-1 makeStyles-small-2 MuiGrid-container MuiGrid-align-items-xs-flex-end"
        data-testid="main"
        style={
          Object {
            "backgroundImage": "linear-gradient(rgba(0,0,0, 0.1), rgb(0, 0, 0, .6)), url(collection3.jpg)",
          }
        }
      >
        <div
          className="MuiGrid-root makeStyles-content-3 MuiGrid-item"
        >
          <h6
            className="MuiTypography-root MuiTypography-h6"
            data-testid="special"
          >
            Best Milkshakes
          </h6>
          <h6
            className="MuiTypography-root MuiTypography-subtitle2"
            data-testid="place"
          >
            8
             Places
            <svg
              aria-hidden={true}
              className="MuiSvgIcon-root makeStyles-arrowIcon-4 MuiSvgIcon-fontSizeSmall"
              focusable="false"
              viewBox="0 0 24 24"
            >
              <path
                d="M10 17l5-5-5-5v10z"
              />
            </svg>
          </h6>
        </div>
      </div>
    </a>
  </div>
  <div
    className="MuiGrid-root MuiGrid-item MuiGrid-grid-xs-12 MuiGrid-grid-sm-6 MuiGrid-grid-md-3"
  >
    <a
      href="/collections"
      onClick={[Function]}
      style={
        Object {
          "textDecoration": "none",
        }
      }
    >
      <div
        className="MuiGrid-root makeStyles-root-1 makeStyles-small-2 MuiGrid-container MuiGrid-align-items-xs-flex-end"
        data-testid="main"
        style={
          Object {
            "backgroundImage": "linear-gradient(rgba(0,0,0, 0.1), rgb(0, 0, 0, .6)), url(collection4.jpg)",
          }
        }
      >
        <div
          className="MuiGrid-root makeStyles-content-3 MuiGrid-item"
        >
          <h6
            className="MuiTypography-root MuiTypography-h6"
            data-testid="special"
          >
            Work Friendly Places!
          </h6>
          <h6
            className="MuiTypography-root MuiTypography-subtitle2"
            data-testid="place"
          >
            221
             Places
            <svg
              aria-hidden={true}
              className="MuiSvgIcon-root makeStyles-arrowIcon-4 MuiSvgIcon-fontSizeSmall"
              focusable="false"
              viewBox="0 0 24 24"
            >
              <path
                d="M10 17l5-5-5-5v10z"
              />
            </svg>
          </h6>
        </div>
      </div>
    </a>
  </div>
  <div
    className="MuiGrid-root MuiGrid-item MuiGrid-grid-xs-12 MuiGrid-grid-sm-6 MuiGrid-grid-md-3"
  >
    <a
      href="/collections"
      onClick={[Function]}
      style={
        Object {
          "textDecoration": "none",
        }
      }
    >
      <div
        className="MuiGrid-root makeStyles-root-1 makeStyles-small-2 MuiGrid-container MuiGrid-align-items-xs-flex-end"
        data-testid="main"
        style={
          Object {
            "backgroundImage": "linear-gradient(rgba(0,0,0, 0.1), rgb(0, 0, 0, .6)), url(collection5.jpg)",
          }
        }
      >
        <div
          className="MuiGrid-root makeStyles-content-3 MuiGrid-item"
        >
          <h6
            className="MuiTypography-root MuiTypography-h6"
            data-testid="special"
          >
            Live Sports Screenings
          </h6>
          <h6
            className="MuiTypography-root MuiTypography-subtitle2"
            data-testid="place"
          >
            12
             Places
            <svg
              aria-hidden={true}
              className="MuiSvgIcon-root makeStyles-arrowIcon-4 MuiSvgIcon-fontSizeSmall"
              focusable="false"
              viewBox="0 0 24 24"
            >
              <path
                d="M10 17l5-5-5-5v10z"
              />
            </svg>
          </h6>
        </div>
      </div>
    </a>
  </div>
  <div
    className="MuiGrid-root MuiGrid-item MuiGrid-grid-xs-12 MuiGrid-grid-sm-6 MuiGrid-grid-md-3"
  >
    <a
      href="/collections"
      onClick={[Function]}
      style={
        Object {
          "textDecoration": "none",
        }
      }
    >
      <div
        className="MuiGrid-root makeStyles-root-1 makeStyles-small-2 MuiGrid-container MuiGrid-align-items-xs-flex-end"
        data-testid="main"
        style={
          Object {
            "backgroundImage": "linear-gradient(rgba(0,0,0, 0.1), rgb(0, 0, 0, .6)), url(collection2.jpg)",
          }
        }
      >
        <div
          className="MuiGrid-root makeStyles-content-3 MuiGrid-item"
        >
          <h6
            className="MuiTypography-root MuiTypography-h6"
            data-testid="special"
          >
            Newly Opened
          </h6>
          <h6
            className="MuiTypography-root MuiTypography-subtitle2"
            data-testid="place"
          >
            6
             Places
            <svg
              aria-hidden={true}
              className="MuiSvgIcon-root makeStyles-arrowIcon-4 MuiSvgIcon-fontSizeSmall"
              focusable="false"
              viewBox="0 0 24 24"
            >
              <path
                d="M10 17l5-5-5-5v10z"
              />
            </svg>
          </h6>
        </div>
      </div>
    </a>
  </div>
</div>
`;
