// Jest Snapshot v1, https://goo.gl/fbAQLP

exports[`renders SignupContainer snapshot correctly 1`] = `
<div
  className="makeStyles-popup-6"
>
  <div
    className="MuiGrid-root MuiGrid-container MuiGrid-justify-xs-center"
  >
    <div
      className="MuiGrid-root makeStyles-container-1 MuiGrid-container"
    >
      <div
        className="MuiGrid-root MuiGrid-container MuiGrid-item MuiGrid-align-items-xs-baseline"
      >
        <div
          className="MuiGrid-root MuiGrid-item MuiGrid-grid-sm-true"
        >
          <h4
            className="MuiTypography-root MuiTypography-h4"
          >
            Signup
          </h4>
        </div>
        <div
          className="MuiGrid-root MuiGrid-item"
        >
          <svg
            aria-hidden={true}
            className="MuiSvgIcon-root MuiSvgIcon-fontSizeSmall"
            data-testid="close"
            focusable="false"
            onClick={[Function]}
            viewBox="0 0 24 24"
          >
            <path
              d="M19 6.41L17.59 5 12 10.59 6.41 5 5 6.41 10.59 12 5 17.59 6.41 19 12 13.41 17.59 19 19 17.59 13.41 12z"
            />
          </svg>
        </div>
      </div>
      <form
        className="makeStyles-form-2"
        noValidate={true}
      >
        <div
          className="MuiFormControl-root MuiTextField-root MuiFormControl-marginNormal MuiFormControl-fullWidth"
          data-testid="email"
          onKeyUp={[Function]}
        >
          <label
            className="MuiFormLabel-root MuiInputLabel-root MuiInputLabel-formControl MuiInputLabel-animated MuiInputLabel-outlined Mui-required Mui-required"
            data-shrink={false}
          >
            Email Address
            <span
              aria-hidden={true}
              className="MuiFormLabel-asterisk MuiInputLabel-asterisk"
            >
               
              *
            </span>
          </label>
          <div
            className="MuiInputBase-root MuiOutlinedInput-root MuiInputBase-fullWidth MuiInputBase-formControl"
            onClick={[Function]}
          >
            <input
              aria-invalid={false}
              autoComplete="email"
              autoFocus={true}
              className="MuiInputBase-input MuiOutlinedInput-input"
              disabled={false}
              name="email"
              onAnimationStart={[Function]}
              onBlur={[Function]}
              onChange={[Function]}
              onFocus={[Function]}
              required={true}
              type="text"
            />
            <fieldset
              aria-hidden={true}
              className="PrivateNotchedOutline-root-9 MuiOutlinedInput-notchedOutline"
            >
              <legend
                className="PrivateNotchedOutline-legendLabelled-11"
              >
                <span>
                  Email Address
                   *
                </span>
              </legend>
            </fieldset>
          </div>
        </div>
        <div
          className="MuiFormControl-root MuiTextField-root MuiFormControl-marginNormal MuiFormControl-fullWidth"
          data-testid="password"
          onKeyUp={[Function]}
        >
          <label
            className="MuiFormLabel-root MuiInputLabel-root MuiInputLabel-formControl MuiInputLabel-animated MuiInputLabel-outlined Mui-required Mui-required"
            data-shrink={false}
          >
            Password
            <span
              aria-hidden={true}
              className="MuiFormLabel-asterisk MuiInputLabel-asterisk"
            >
               
              *
            </span>
          </label>
          <div
            className="MuiInputBase-root MuiOutlinedInput-root MuiInputBase-fullWidth MuiInputBase-formControl"
            onClick={[Function]}
          >
            <input
              aria-invalid={false}
              autoComplete="current-password"
              autoFocus={false}
              className="MuiInputBase-input MuiOutlinedInput-input"
              disabled={false}
              name="password"
              onAnimationStart={[Function]}
              onBlur={[Function]}
              onChange={[Function]}
              onFocus={[Function]}
              required={true}
              type="password"
            />
            <fieldset
              aria-hidden={true}
              className="PrivateNotchedOutline-root-9 MuiOutlinedInput-notchedOutline"
            >
              <legend
                className="PrivateNotchedOutline-legendLabelled-11"
              >
                <span>
                  Password
                   *
                </span>
              </legend>
            </fieldset>
          </div>
        </div>
        <button
          className="MuiButtonBase-root MuiButton-root MuiButton-contained makeStyles-submit-3 MuiButton-containedPrimary MuiButton-fullWidth"
          data-testid="button"
          disabled={false}
          onBlur={[Function]}
          onClick={[Function]}
          onDragLeave={[Function]}
          onFocus={[Function]}
          onKeyDown={[Function]}
          onKeyUp={[Function]}
          onMouseDown={[Function]}
          onMouseLeave={[Function]}
          onMouseUp={[Function]}
          onTouchEnd={[Function]}
          onTouchMove={[Function]}
          onTouchStart={[Function]}
          tabIndex={0}
          type="submit"
        >
          <span
            className="MuiButton-label"
          >
            Create Account
          </span>
        </button>
        <div
          className="MuiGrid-root MuiGrid-container MuiGrid-justify-xs-center"
        >
          <div
            className="MuiGrid-root MuiGrid-item"
          >
            <h6
              className="MuiTypography-root MuiTypography-h6"
            >
              or
            </h6>
          </div>
        </div>
        <button
          className="MuiButtonBase-root MuiButton-root MuiButton-text makeStyles-google-4 MuiButton-fullWidth"
          data-testid="googleLogin"
          disabled={false}
          onBlur={[Function]}
          onClick={[Function]}
          onDragLeave={[Function]}
          onFocus={[Function]}
          onKeyDown={[Function]}
          onKeyUp={[Function]}
          onMouseDown={[Function]}
          onMouseLeave={[Function]}
          onMouseUp={[Function]}
          onTouchEnd={[Function]}
          onTouchMove={[Function]}
          onTouchStart={[Function]}
          tabIndex={0}
          type="submit"
        >
          <span
            className="MuiButton-label"
          >
            Continue with Google
          </span>
        </button>
        <div
          className="MuiGrid-root MuiGrid-container"
        >
          <div
            className="MuiGrid-root MuiGrid-item"
          >
            <p
              className="MuiTypography-root MuiTypography-body1"
            >
              Already have an account? 
            </p>
          </div>
          <div
            className="MuiGrid-root MuiGrid-item"
          >
            <div
              className="makeStyles-link-7"
              data-testid="login"
              onClick={[Function]}
            >
              <p
                className="MuiTypography-root MuiTypography-body1"
              >
                <span
                  className="makeStyles-red-5"
                >
                   Login
                </span>
              </p>
            </div>
          </div>
        </div>
      </form>
    </div>
  </div>
</div>
`;
