// Jest Snapshot v1, https://goo.gl/fbAQLP

exports[`renders HeaderViewItem snapshot correctly 1`] = `
<div
  className="MuiGrid-root makeStyles-root-1 MuiGrid-container MuiGrid-direction-xs-column MuiGrid-align-items-xs-center"
>
  <div
    className="MuiGrid-root MuiGrid-item"
  >
    <img
      alt="view type"
      className="makeStyles-image-2"
      src="foodItem.jpg"
    />
  </div>
  <div
    className="MuiGrid-root makeStyles-content-3 MuiGrid-item"
  >
    <h6
      className="MuiTypography-root MuiTypography-h6"
      data-testid="text"
    >
      Food Item
    </h6>
  </div>
</div>
`;
